[2026-01-07 18:48:33] 404 Not Found: user/userDashboard (IP: ::1)
[2026-01-07 18:48:55] 404 Not Found: api/bookings_list (IP: ::1)
[2026-01-07 18:48:55] 404 Not Found: api/bookings_list (IP: ::1)
[2026-01-07 18:48:56] 404 Not Found: api/bookings_list (IP: ::1)
[2026-01-07 18:48:57] 404 Not Found: api/clients_list (IP: ::1)
[2026-01-07 18:49:00] 404 Not Found: assets/css/user-booking.css (IP: ::1)
[2026-01-07 18:49:00] 404 Not Found: api/trips_list (IP: ::1)
[2026-01-07 18:53:41] 404 Page Not Found: /CHT-Travel-and-Tours-Web/invalid/path (IP: ::1)
[2026-01-07 18:53:41] 405 Method Not Allowed: /CHT-Travel-and-Tours-Web/login (IP: ::1)
[2026-01-07 18:54:04] 404 Page Not Found: /CHT-Travel-and-Tours-Web/invalid/path (IP: ::1)
[2026-01-07 18:54:04] 405 Method Not Allowed: /CHT-Travel-and-Tours-Web/login (IP: ::1)
[2026-01-07 18:54:35] 404 Page Not Found: /CHT-Travel-and-Tours-Web/assets/css/user-booking.css (IP: ::1)
[2026-01-07 18:54:36] 404 Page Not Found: /CHT-Travel-and-Tours-Web/assets/css/user-booking.css (IP: ::1)
[2026-01-07 18:54:37] 404 Page Not Found: /CHT-Travel-and-Tours-Web/assets/css/user-booking.css (IP: ::1)
[2026-01-07 18:54:39] 404 Page Not Found: /CHT-Travel-and-Tours-Web/assets/css/user-booking.css (IP: ::1)
[2026-01-07 18:54:39] 404 Page Not Found: /CHT-Travel-and-Tours-Web/assets/css/user-booking.css (IP: ::1)
[2026-01-07 18:54:40] 404 Page Not Found: /CHT-Travel-and-Tours-Web/assets/css/user-booking.css (IP: ::1)
[2026-01-07 18:56:57] 404 Page Not Found: /CHT-Travel-and-Tours-Web/assets/css/user-booking.css (IP: ::1)
[2026-01-07 18:56:58] 404 Page Not Found: /CHT-Travel-and-Tours-Web/assets/css/user-booking.css (IP: ::1)
[2026-01-07 18:56:58] 404 Page Not Found: /CHT-Travel-and-Tours-Web/assets/css/user-booking.css (IP: ::1)
[2026-01-07 18:56:59] 404 Page Not Found: /CHT-Travel-and-Tours-Web/assets/css/user-booking.css (IP: ::1)
[2026-01-07 18:57:00] 404 Page Not Found: /CHT-Travel-and-Tours-Web/assets/css/user-booking.css (IP: ::1)
[2026-01-07 19:05:32] 404 Page Not Found: /CHT-Travel-and-Tours-Web/user/userDashboard (IP: ::1)
[2026-01-07 19:14:16] 404 Page Not Found: /CHT-Travel-and-Tours-Web/assets/css/user-booking.css (IP: ::1)
[2026-01-07 19:14:16] 404 Page Not Found: /CHT-Travel-and-Tours-Web/assets/css/user-booking.css (IP: ::1)
[2026-01-07 19:14:17] 404 Page Not Found: /CHT-Travel-and-Tours-Web/assets/css/user-booking.css (IP: ::1)
[2026-01-07 19:14:19] 404 Page Not Found: /CHT-Travel-and-Tours-Web/userTourPackages.html (IP: ::1)
[2026-01-07 19:14:32] 404 Page Not Found: /CHT-Travel-and-Tours-Web/assets/css/user-booking.css (IP: ::1)
[2026-01-07 19:14:33] 404 Page Not Found: /CHT-Travel-and-Tours-Web/assets/css/user-booking.css (IP: ::1)
[2026-01-07 19:14:33] 404 Page Not Found: /CHT-Travel-and-Tours-Web/userTourPackages.html (IP: ::1)
[2026-01-07 19:20:01] 404 Page Not Found: /CHT-Travel-and-Tours-Web/assets/uploads/packages/pkg_b7e05c6d.jpg (IP: ::1)
[2026-01-07 19:20:02] 404 Page Not Found: /CHT-Travel-and-Tours-Web/assets/uploads/packages/pkg_b7e05c6d.jpg (IP: ::1)
[2026-01-07 19:20:15] 404 Page Not Found: /CHT-Travel-and-Tours-Web/assets/uploads/packages/pkg_b7e05c6d.jpg (IP: ::1)
[2026-01-07 19:21:44] 404 Page Not Found: /CHT-Travel-and-Tours-Web/assets/uploads/packages/pkg_b7e05c6d.jpg (IP: ::1)
[2026-01-07 19:21:45] 404 Page Not Found: /CHT-Travel-and-Tours-Web/assets/uploads/packages/pkg_b7e05c6d.jpg (IP: ::1)
[2026-01-07 19:21:48] 404 Page Not Found: /CHT-Travel-and-Tours-Web/assets/uploads/packages/pkg_b7e05c6d.jpg (IP: ::1)
[2026-01-07 19:21:52] 404 Page Not Found: /CHT-Travel-and-Tours-Web/assets/uploads/packages/pkg_b7e05c6d.jpg (IP: ::1)
[2026-01-07 19:21:52] 404 Page Not Found: /CHT-Travel-and-Tours-Web/assets/uploads/packages/pkg_b7e05c6d.jpg (IP: ::1)
[2026-01-07 19:21:53] 404 Page Not Found: /CHT-Travel-and-Tours-Web/assets/css/user-booking.css (IP: ::1)
[2026-01-07 19:21:54] 404 Page Not Found: /CHT-Travel-and-Tours-Web/assets/css/user-booking.css (IP: ::1)
[2026-01-07 19:21:56] 404 Page Not Found: /CHT-Travel-and-Tours-Web/assets/css/user-booking.css (IP: ::1)
[2026-01-07 19:21:57] 404 Page Not Found: /CHT-Travel-and-Tours-Web/assets/css/user-booking.css (IP: ::1)
[2026-01-07 19:21:57] 404 Page Not Found: /CHT-Travel-and-Tours-Web/assets/uploads/packages/pkg_b7e05c6d.jpg (IP: ::1)
[2026-01-07 19:25:10] 404 Page Not Found: /cht-travel-and-tours/assets/uploads/packages/pkg_b7e05c6d.jpg (IP: ::1)
[2026-01-07 19:25:15] 404 Page Not Found: /cht-travel-and-tours/assets/uploads/packages/pkg_b7e05c6d.jpg (IP: ::1)
[2026-01-07 19:25:17] 404 Page Not Found: /cht-travel-and-tours/assets/uploads/packages/pkg_b7e05c6d.jpg (IP: ::1)
[2026-02-28 09:58:54] 404 Page Not Found: /favicon.ico (IP: ::1)
[2026-02-28 10:00:09] 404 Page Not Found: /favicon.ico (IP: ::1)
[2026-02-28 10:22:26] 405 Method Not Allowed: /api/login (IP: ::1)
[2026-02-28 10:22:41] 405 Method Not Allowed: /api/login (IP: ::1)
[2026-02-28 10:22:58] 405 Method Not Allowed: /api/login (IP: ::1)
[2026-02-28 10:24:53] 404 Page Not Found: /assets/css/style.css (IP: ::1)
[2026-02-28 10:24:53] 404 Page Not Found: /assets/images/no%20bg%20logo.png (IP: ::1)
[2026-02-28 10:24:54] 404 Page Not Found: /assets/css/style.css (IP: ::1)
[2026-02-28 10:24:54] 404 Page Not Found: /assets/images/no%20bg%20logo.png (IP: ::1)
[2026-02-28 10:24:54] 404 Page Not Found: /assets/css/style.css (IP: ::1)
[2026-02-28 10:24:54] 404 Page Not Found: /assets/images/no%20bg%20logo.png (IP: ::1)
[2026-02-28 10:25:47] 404 Page Not Found: /assets/css/style.css (IP: ::1)
[2026-02-28 10:25:47] 404 Page Not Found: /assets/css/style.css (IP: ::1)
[2026-02-28 10:25:47] 404 Page Not Found: /assets/images/no%20bg%20logo.png (IP: ::1)
[2026-02-28 10:25:47] 404 Page Not Found: /assets/images/no%20bg%20logo.png (IP: ::1)
[2026-02-28 10:25:47] 404 Page Not Found: /favicon.ico (IP: ::1)
[2026-02-28 10:25:47] 404 Page Not Found: /favicon.ico (IP: ::1)
[2026-02-28 10:25:49] 404 Page Not Found: /assets/css/style.css (IP: ::1)
[2026-02-28 10:25:49] 404 Page Not Found: /assets/images/no%20bg%20logo.png (IP: ::1)
[2026-02-28 10:25:49] 404 Page Not Found: /assets/css/style.css (IP: ::1)
[2026-02-28 10:25:49] 404 Page Not Found: /assets/images/no%20bg%20logo.png (IP: ::1)
[2026-02-28 10:25:49] 404 Page Not Found: /assets/css/style.css (IP: ::1)
[2026-02-28 10:25:49] 404 Page Not Found: /assets/images/no%20bg%20logo.png (IP: ::1)
[2026-02-28 10:26:00] 405 Method Not Allowed: /api/login (IP: ::1)
[2026-02-28 10:26:01] 405 Method Not Allowed: /api/login (IP: ::1)
[2026-03-16 06:17:46] 404 Page Not Found: /assets/images/no%20bg%20logo.png (IP: ::1)
[2026-03-16 06:17:46] 404 Page Not Found: /favicon.ico (IP: ::1)
[2026-03-16 06:45:34] 404 Page Not Found: /Web-CHT_TravelAndTours/assets/css/customer-view.css (IP: ::1)
[2026-03-16 06:45:35] 404 Page Not Found: /Web-CHT_TravelAndTours/assets/css/customer-view.css (IP: ::1)
[2026-03-16 06:49:26] 404 Page Not Found: /Web-CHT_TravelAndTours/assets/css/customer-view.css (IP: ::1)
[2026-03-16 06:50:15] 404 Page Not Found: /Web-CHT_TravelAndTours/assets/css/customer-view.css (IP: ::1)
[2026-03-16 06:56:09] 404 Page Not Found: /Web-CHT_TravelAndTours/assets/css/user-booking.css (IP: ::1)
[2026-03-16 06:56:10] 404 Page Not Found: /Web-CHT_TravelAndTours/assets/css/user-booking.css (IP: ::1)
[2026-03-16 06:58:36] 404 Page Not Found: /assets/images/no%20bg%20logo.png (IP: ::1)
[2026-03-16 06:58:36] 404 Page Not Found: /favicon.ico (IP: ::1)
[2026-03-16 06:58:45] 405 Method Not Allowed: /api/login (IP: ::1)
[2026-03-16 06:58:55] 404 Page Not Found: /assets/images/no%20bg%20logo.png (IP: ::1)
[2026-03-16 06:58:55] 404 Page Not Found: /favicon.ico (IP: ::1)
[2026-03-16 06:59:48] 405 Method Not Allowed: /api/login (IP: ::1)
[2026-03-16 06:59:56] 405 Method Not Allowed: /api/login (IP: ::1)
[2026-03-16 06:59:56] 405 Method Not Allowed: /api/login (IP: ::1)
[2026-03-16 06:59:56] 405 Method Not Allowed: /api/login (IP: ::1)
[2026-03-16 06:59:56] 405 Method Not Allowed: /api/login (IP: ::1)
[2026-03-16 07:00:38] 404 Page Not Found: /assets/images/no%20bg%20logo.png (IP: ::1)
[2026-03-16 07:00:46] 405 Method Not Allowed: /api/login (IP: ::1)
[2026-03-16 07:02:03] 404 Page Not Found: /assets/images/no%20bg%20logo.png (IP: ::1)
[2026-03-16 07:02:12] 405 Method Not Allowed: /api/login (IP: ::1)
[2026-03-16 07:02:16] 405 Method Not Allowed: /api/login (IP: ::1)
[2026-03-16 07:02:18] 404 Page Not Found: /Web-CHT_TravelAndTours/assets/images/placeholder.jpg (IP: ::1)
[2026-03-16 07:04:31] 404 Page Not Found: /Web-CHT_TravelAndTours/assets/css/user-booking.css (IP: ::1)
[2026-03-16 07:04:31] 404 Page Not Found: /Web-CHT_TravelAndTours/assets/css/user-booking.css (IP: ::1)
[2026-03-16 07:07:09] 404 Page Not Found: /Web-CHT_TravelAndTours/assets/images/placeholder.jpg (IP: ::1)
[2026-03-16 07:07:17] 404 Page Not Found: /Web-CHT_TravelAndTours/assets/images/placeholder.jpg (IP: ::1)
[2026-03-16 07:08:36] 404 Page Not Found: /Web-CHT_TravelAndTours/assets/images/placeholder.jpg (IP: ::1)
[2026-03-16 07:13:49] 404 Page Not Found: /Web-CHT_TravelAndTours/assets/images/placeholder.jpg (IP: ::1)
[2026-03-16 07:14:57] 404 Page Not Found: /Web-CHT_TravelAndTours/assets/images/placeholder.jpg (IP: ::1)
[2026-03-16 07:15:12] 404 Page Not Found: /Web-CHT_TravelAndTours/assets/images/placeholder.jpg (IP: ::1)
[2026-03-16 07:16:58] 404 Page Not Found: /Web-CHT_TravelAndTours/assets/images/placeholder.jpg (IP: ::1)
[2026-03-16 07:17:30] 404 Page Not Found: /Web-CHT_TravelAndTours/assets/images/placeholder.jpg (IP: ::1)
[2026-03-16 07:18:59] 404 Page Not Found: /Web-CHT_TravelAndTours/assets/images/placeholder.jpg (IP: ::1)
[2026-03-16 07:19:01] 404 Page Not Found: /Web-CHT_TravelAndTours/assets/images/placeholder.jpg (IP: ::1)
[2026-03-16 07:32:41] 404 Page Not Found: /Web-CHT_TravelAndTours/assets/css/user-booking.css (IP: ::1)
[2026-03-16 07:32:45] 404 Page Not Found: /Web-CHT_TravelAndTours/assets/css/user-booking.css (IP: ::1)
[2026-03-16 07:32:45] 404 Page Not Found: /Web-CHT_TravelAndTours/assets/css/user-booking.css (IP: ::1)
[2026-03-16 07:32:45] 404 Page Not Found: /Web-CHT_TravelAndTours/assets/css/user-booking.css (IP: ::1)
[2026-03-16 07:32:46] 404 Page Not Found: /Web-CHT_TravelAndTours/assets/css/user-booking.css (IP: ::1)
[2026-03-16 07:36:07] 404 Page Not Found: /Web-CHT_TravelAndTours/assets/images/placeholder.jpg (IP: ::1)
[2026-03-16 07:36:25] 404 Page Not Found: /Web-CHT_TravelAndTours/assets/images/placeholder.jpg (IP: ::1)
[2026-03-16 07:36:30] 404 Page Not Found: /Web-CHT_TravelAndTours/assets/images/placeholder.jpg (IP: ::1)
[2026-03-16 07:37:41] 404 Page Not Found: /assets/images/no%20bg%20logo.png (IP: ::1)
[2026-03-16 07:37:41] 404 Page Not Found: /favicon.ico (IP: ::1)
[2026-03-16 07:57:04] 404 Page Not Found: /api/bookings_list?recent=1 (IP: ::1)
[2026-03-16 07:57:04] 404 Page Not Found: /api/bookings_list (IP: ::1)
[2026-03-16 07:57:04] 404 Page Not Found: /favicon.ico (IP: ::1)
[2026-03-16 07:57:40] 404 Page Not Found: /api/bookings_list?recent=1 (IP: ::1)
[2026-03-16 07:57:40] 404 Page Not Found: /api/bookings_list (IP: ::1)
[2026-03-16 08:00:46] 404 Page Not Found: /api/bookings_list?recent=1 (IP: ::1)
[2026-03-16 08:00:46] 404 Page Not Found: /api/bookings_list (IP: ::1)
[2026-03-16 08:00:48] 404 Page Not Found: /api/bookings_list (IP: ::1)
[2026-03-16 08:00:48] 404 Page Not Found: /api/packages_list (IP: ::1)
[2026-03-16 08:00:48] 404 Page Not Found: /api/clients_list (IP: ::1)
[2026-03-16 08:00:49] 404 Page Not Found: /api/bookings_list?recent=1 (IP: ::1)
[2026-03-16 08:00:49] 404 Page Not Found: /api/bookings_list (IP: ::1)
[2026-03-16 08:00:50] 404 Page Not Found: /api/bookings_list (IP: ::1)
[2026-03-16 08:00:50] 404 Page Not Found: /assets/images/no%20bg%20logo.png (IP: ::1)
[2026-03-16 08:00:57] 405 Method Not Allowed: /api/login (IP: ::1)
[2026-03-16 08:01:04] 405 Method Not Allowed: /api/login (IP: ::1)
[2026-03-16 08:01:04] 405 Method Not Allowed: /api/login (IP: ::1)
[2026-03-16 08:01:04] 405 Method Not Allowed: /api/login (IP: ::1)
[2026-03-16 08:01:04] 405 Method Not Allowed: /api/login (IP: ::1)
[2026-03-16 08:01:08] 405 Method Not Allowed: /api/login (IP: ::1)
[2026-03-16 08:01:12] 405 Method Not Allowed: /api/login (IP: ::1)
[2026-03-16 08:01:13] 405 Method Not Allowed: /api/login (IP: ::1)
[2026-03-16 08:01:13] 405 Method Not Allowed: /api/login (IP: ::1)
[2026-03-16 08:01:14] 404 Page Not Found: /assets/images/no%20bg%20logo.png (IP: ::1)
[2026-03-16 08:01:49] 404 Page Not Found: /Web-CHT_TravelAndTours/assets/images/placeholder.jpg (IP: ::1)
[2026-03-16 08:01:53] 404 Page Not Found: /Web-CHT_TravelAndTours/assets/images/placeholder.jpg (IP: ::1)
[2026-03-16 08:01:55] 404 Page Not Found: /Web-CHT_TravelAndTours/assets/images/placeholder.jpg (IP: ::1)
[2026-03-16 08:01:57] 404 Page Not Found: /Web-CHT_TravelAndTours/assets/images/placeholder.jpg (IP: ::1)
[2026-03-16 08:02:18] 404 Page Not Found: /Web-CHT_TravelAndTours/assets/images/placeholder.jpg (IP: ::1)
[2026-03-16 08:02:19] 404 Page Not Found: /Web-CHT_TravelAndTours/assets/images/placeholder.jpg (IP: ::1)
[2026-05-08 06:07:53] 404 Page Not Found: /Web-CHT_TravelAndTours/assets/images/placeholder.jpg (IP: ::1)
[2026-05-08 06:07:55] 404 Page Not Found: /Web-CHT_TravelAndTours/assets/images/placeholder.jpg (IP: ::1)
[2026-05-08 06:07:58] 404 Page Not Found: /Web-CHT_TravelAndTours/assets/images/placeholder.jpg (IP: ::1)
[2026-05-08 06:08:08] 404 Page Not Found: /Web-CHT_TravelAndTours/assets/images/placeholder.jpg (IP: ::1)
[2026-05-08 06:12:36] 404 Page Not Found: /Web-CHT_TravelAndTours/assets/css/user-booking.css (IP: ::1)
[2026-05-08 06:12:46] 404 Page Not Found: /Web-CHT_TravelAndTours/assets/images/placeholder.jpg (IP: ::1)
[2026-05-08 06:12:51] 404 Page Not Found: /Web-CHT_TravelAndTours/assets/images/placeholder.jpg (IP: ::1)
[2026-05-08 06:47:07] 404 Page Not Found: /assets/images/no%20bg%20logo.png (IP: ::1)
[2026-05-08 06:47:07] 404 Page Not Found: /favicon.ico (IP: ::1)
[2026-05-08 06:47:16] 405 Method Not Allowed: /api/login (IP: ::1)
[2026-05-08 06:47:31] 405 Method Not Allowed: /api/login (IP: ::1)
[2026-05-08 06:48:11] 404 Page Not Found: /user/userDashboard.php (IP: ::1)
[2026-05-08 06:48:11] 404 Page Not Found: /user/assets/css/style.css (IP: ::1)
[2026-05-08 06:48:11] 404 Page Not Found: /user/assets/images/new%20background.jpg (IP: ::1)
[2026-05-08 06:48:18] 404 Page Not Found: /userDashboard (IP: ::1)
[2026-05-08 06:48:18] 404 Page Not Found: /assets/images/new%20background.jpg (IP: ::1)
[2026-05-08 06:48:18] 404 Page Not Found: /employee/dashboard (IP: ::1)
[2026-05-08 06:48:18] 404 Page Not Found: /assets/images/new%20background.jpg (IP: ::1)
[2026-05-08 06:48:35] 404 Page Not Found: /assets/images/no%20bg%20logo.png (IP: ::1)
[2026-05-08 06:49:21] 405 Method Not Allowed: /api/login (IP: ::1)
[2026-05-08 06:49:29] 404 Page Not Found: /assets/images/no%20bg%20logo.png (IP: ::1)
[2026-05-08 06:50:23] 405 Method Not Allowed: /api/login (IP: ::1)
[2026-05-08 06:50:36] 404 Page Not Found: /assets/images/no%20bg%20logo.png (IP: ::1)
[2026-05-08 06:51:05] 405 Method Not Allowed: /api/login (IP: ::1)
[2026-05-08 06:51:14] 405 Method Not Allowed: /api/login (IP: ::1)
[2026-05-08 06:51:21] 404 Page Not Found: /assets/images/no%20bg%20logo.png (IP: ::1)
[2026-05-08 06:51:29] 405 Method Not Allowed: /api/login (IP: ::1)
[2026-05-08 06:51:35] 404 Page Not Found: /assets/images/no%20bg%20logo.png (IP: ::1)
[2026-05-08 06:51:38] 405 Method Not Allowed: /api/login (IP: ::1)
[2026-05-08 06:51:56] 404 Page Not Found: /assets/images/no%20bg%20logo.png (IP: ::1)
[2026-05-08 06:51:59] 405 Method Not Allowed: /api/login (IP: ::1)
[2026-05-08 06:52:06] 405 Method Not Allowed: /api/login (IP: ::1)
[2026-05-09 13:47:15] 404 Page Not Found: /Web-CHT_TravelAndTours/assets/images/placeholder.jpg (IP: ::1)
[2026-05-09 13:47:21] 404 Page Not Found: /Web-CHT_TravelAndTours/assets/images/placeholder.jpg (IP: ::1)
[2026-05-09 13:47:42] 404 Page Not Found: /Web-CHT_TravelAndTours/assets/css/user-booking.css (IP: ::1)
[2026-05-09 13:47:42] 404 Page Not Found: /Web-CHT_TravelAndTours/assets/css/user-booking.css (IP: ::1)
[2026-05-09 13:47:42] 404 Page Not Found: /Web-CHT_TravelAndTours/assets/css/user-booking.css (IP: ::1)
[2026-05-09 13:47:43] 404 Page Not Found: /Web-CHT_TravelAndTours/assets/css/user-booking.css (IP: ::1)
[2026-05-09 13:47:43] 404 Page Not Found: /Web-CHT_TravelAndTours/assets/css/user-booking.css (IP: ::1)
[2026-05-09 13:47:44] 404 Page Not Found: /Web-CHT_TravelAndTours/assets/css/user-booking.css (IP: ::1)
[2026-05-09 13:47:44] 404 Page Not Found: /Web-CHT_TravelAndTours/assets/css/user-booking.css (IP: ::1)
[2026-05-09 13:47:45] 404 Page Not Found: /Web-CHT_TravelAndTours/assets/css/user-booking.css (IP: ::1)
[2026-05-09 13:47:45] 404 Page Not Found: /Web-CHT_TravelAndTours/assets/css/user-booking.css (IP: ::1)
[2026-05-09 13:47:46] 404 Page Not Found: /Web-CHT_TravelAndTours/assets/css/user-booking.css (IP: ::1)
[2026-05-09 13:47:46] 404 Page Not Found: /Web-CHT_TravelAndTours/assets/css/user-booking.css (IP: ::1)
[2026-05-09 13:47:48] 404 Page Not Found: /Web-CHT_TravelAndTours/assets/css/user-booking.css (IP: ::1)
[2026-05-09 13:47:48] 404 Page Not Found: /Web-CHT_TravelAndTours/assets/css/user-booking.css (IP: ::1)
[2026-05-09 13:47:48] 404 Page Not Found: /Web-CHT_TravelAndTours/assets/css/user-booking.css (IP: ::1)
[2026-05-09 14:43:57] 404 Page Not Found: /Web-CHT_TravelAndTours/assets/css/user-booking.css (IP: ::1)
[2026-05-09 14:43:58] 404 Page Not Found: /Web-CHT_TravelAndTours/assets/images/placeholder.jpg (IP: ::1)
[2026-05-09 14:43:58] 404 Page Not Found: /Web-CHT_TravelAndTours/assets/css/user-booking.css (IP: ::1)
[2026-05-09 14:59:44] 404 Page Not Found: /Web-CHT_TravelAndTours/assets/images/placeholder.jpg (IP: ::1)
[2026-05-09 14:59:45] 404 Page Not Found: /Web-CHT_TravelAndTours/assets/images/placeholder.jpg (IP: ::1)
[2026-05-09 14:59:45] 404 Page Not Found: /Web-CHT_TravelAndTours/assets/images/placeholder.jpg (IP: ::1)
[2026-05-09 14:59:47] 404 Page Not Found: /Web-CHT_TravelAndTours/assets/images/placeholder.jpg (IP: ::1)
[2026-05-09 15:09:11] 404 Page Not Found: /Web-CHT_TravelAndTours/assets/images/placeholder.jpg (IP: ::1)
[2026-05-09 15:27:39] 404 Page Not Found: /Web-CHT_TravelAndTours/user/packages (IP: ::1)
[2026-05-09 15:29:10] 404 Page Not Found: /Web-CHT_TravelAndTours/user/packages (IP: ::1)
[2026-05-09 15:29:18] 404 Page Not Found: /Web-CHT_TravelAndTours/views/user/userPackages.php (IP: ::1)
[2026-05-10 11:38:38] 404 Page Not Found: /Web-CHT_TravelAndTours/assets/images/placeholder.jpg (IP: ::1)
[2026-05-10 11:38:46] 404 Page Not Found: /Web-CHT_TravelAndTours/assets/images/placeholder.jpg (IP: ::1)
[2026-05-10 11:39:05] 404 Page Not Found: /Web-CHT_TravelAndTours/assets/images/placeholder.jpg (IP: ::1)
[2026-05-10 11:39:08] 404 Page Not Found: /Web-CHT_TravelAndTours/assets/images/placeholder.jpg (IP: ::1)
[2026-05-10 11:39:10] 404 Page Not Found: /Web-CHT_TravelAndTours/assets/images/placeholder.jpg (IP: ::1)
[2026-05-10 11:40:53] 404 Page Not Found: /Web-CHT_TravelAndTours/assets/images/placeholder.jpg (IP: ::1)
[2026-05-10 11:40:57] 404 Page Not Found: /Web-CHT_TravelAndTours/assets/images/placeholder.jpg (IP: ::1)
[2026-05-10 11:40:58] 404 Page Not Found: /Web-CHT_TravelAndTours/assets/images/placeholder.jpg (IP: ::1)
[2026-05-10 11:42:15] 404 Page Not Found: /Web-CHT_TravelAndTours/assets/images/placeholder.jpg (IP: ::1)
[2026-05-10 11:43:50] 404 Page Not Found: /Web-CHT_TravelAndTours/assets/images/placeholder.jpg (IP: ::1)
[2026-05-10 11:43:52] 404 Page Not Found: /Web-CHT_TravelAndTours/assets/images/placeholder.jpg (IP: ::1)
[2026-05-10 11:43:58] 404 Page Not Found: /Web-CHT_TravelAndTours/assets/images/placeholder.jpg (IP: ::1)
[2026-05-10 11:48:23] 404 Page Not Found: /Web-CHT_TravelAndTours/assets/images/placeholder.jpg (IP: ::1)
[2026-05-10 11:48:24] 404 Page Not Found: /Web-CHT_TravelAndTours/assets/images/placeholder.jpg (IP: ::1)
[2026-05-10 11:48:36] 404 Page Not Found: /Web-CHT_TravelAndTours/assets/images/placeholder.jpg (IP: ::1)
[2026-05-10 11:48:48] 404 Page Not Found: /Web-CHT_TravelAndTours/assets/images/placeholder.jpg (IP: ::1)
[2026-05-10 11:49:16] 404 Page Not Found: /Web-CHT_TravelAndTours/assets/images/placeholder.jpg (IP: ::1)
[2026-05-10 11:50:07] 404 Page Not Found: /Web-CHT_TravelAndTours/assets/images/placeholder.jpg (IP: ::1)
[2026-05-10 11:50:55] 404 Page Not Found: /Web-CHT_TravelAndTours/assets/images/placeholder.jpg (IP: ::1)
[2026-05-10 11:50:56] 404 Page Not Found: /Web-CHT_TravelAndTours/assets/images/placeholder.jpg (IP: ::1)
[2026-05-10 11:50:59] 404 Page Not Found: /Web-CHT_TravelAndTours/assets/images/placeholder.jpg (IP: ::1)
[2026-05-10 11:50:59] 404 Page Not Found: /Web-CHT_TravelAndTours/assets/images/placeholder.jpg (IP: ::1)
[2026-05-10 11:51:07] 404 Page Not Found: /Web-CHT_TravelAndTours/assets/images/placeholder.jpg (IP: ::1)
[2026-05-10 11:51:07] 404 Page Not Found: /Web-CHT_TravelAndTours/assets/images/placeholder.jpg (IP: ::1)
[2026-05-10 11:51:44] 404 Page Not Found: /Web-CHT_TravelAndTours/assets/images/placeholder.jpg (IP: ::1)
[2026-05-10 11:51:48] 404 Page Not Found: /Web-CHT_TravelAndTours/assets/images/placeholder.jpg (IP: ::1)
[2026-05-10 12:12:03] 404 Page Not Found: /Web-CHT_TravelAndTours/assets/images/placeholder.jpg (IP: ::1)
[2026-05-10 12:12:43] 404 Page Not Found: /Web-CHT_TravelAndTours/assets/images/placeholder.jpg (IP: ::1)
[2026-05-10 12:12:50] 404 Page Not Found: /Web-CHT_TravelAndTours/assets/images/placeholder.jpg (IP: ::1)
[2026-05-10 12:12:55] 404 Page Not Found: /Web-CHT_TravelAndTours/assets/images/placeholder.jpg (IP: ::1)
[2026-05-10 12:12:57] 404 Page Not Found: /Web-CHT_TravelAndTours/assets/images/placeholder.jpg (IP: ::1)
[2026-05-10 12:13:00] 404 Page Not Found: /Web-CHT_TravelAndTours/assets/images/placeholder.jpg (IP: ::1)
[2026-05-10 12:13:02] 404 Page Not Found: /Web-CHT_TravelAndTours/assets/images/placeholder.jpg (IP: ::1)
[2026-05-10 12:13:08] 404 Page Not Found: /Web-CHT_TravelAndTours/assets/images/placeholder.jpg (IP: ::1)
[2026-05-10 13:30:08] 404 Page Not Found: /Web-CHT_TravelAndTours/assets/images/placeholder.jpg (IP: ::1)
[2026-05-10 13:30:16] 404 Page Not Found: /Web-CHT_TravelAndTours/assets/images/placeholder.jpg (IP: ::1)
[2026-05-10 13:30:21] 404 Page Not Found: /Web-CHT_TravelAndTours/assets/images/placeholder.jpg (IP: ::1)
[2026-05-10 13:30:35] 404 Page Not Found: /Web-CHT_TravelAndTours/assets/images/placeholder.jpg (IP: ::1)
[2026-05-10 13:30:36] 404 Page Not Found: /Web-CHT_TravelAndTours/assets/images/placeholder.jpg (IP: ::1)
[2026-05-10 13:30:39] 404 Page Not Found: /Web-CHT_TravelAndTours/assets/images/placeholder.jpg (IP: ::1)
[2026-05-10 13:31:21] 404 Page Not Found: /Web-CHT_TravelAndTours/assets/images/placeholder.jpg (IP: ::1)
[2026-05-10 13:33:15] 404 Page Not Found: /Web-CHT_TravelAndTours/assets/images/placeholder.jpg (IP: ::1)
[2026-05-10 13:33:42] 404 Page Not Found: /Web-CHT_TravelAndTours/assets/images/placeholder.jpg (IP: ::1)
[2026-05-10 13:33:53] 404 Page Not Found: /Web-CHT_TravelAndTours/assets/images/placeholder.jpg (IP: ::1)
[2026-05-10 13:38:28] 404 Page Not Found: /Web-CHT_TravelAndTours/assets/images/placeholder.jpg (IP: ::1)
[2026-05-10 13:38:36] 404 Page Not Found: /Web-CHT_TravelAndTours/assets/images/placeholder.jpg (IP: ::1)
[2026-05-10 13:38:36] 404 Page Not Found: /Web-CHT_TravelAndTours/assets/images/placeholder.jpg (IP: ::1)
[2026-05-10 13:38:37] 404 Page Not Found: /Web-CHT_TravelAndTours/assets/images/placeholder.jpg (IP: ::1)
[2026-05-10 13:38:39] 404 Page Not Found: /Web-CHT_TravelAndTours/assets/images/placeholder.jpg (IP: ::1)
[2026-05-10 13:40:00] 404 Page Not Found: /Web-CHT_TravelAndTours/assets/images/placeholder.jpg (IP: ::1)
[2026-05-10 13:40:08] 404 Page Not Found: /Web-CHT_TravelAndTours/assets/images/placeholder.jpg (IP: ::1)
[2026-05-10 13:40:11] 404 Page Not Found: /Web-CHT_TravelAndTours/assets/images/placeholder.jpg (IP: ::1)
[2026-05-10 13:40:46] 404 Page Not Found: /Web-CHT_TravelAndTours/assets/images/placeholder.jpg (IP: ::1)
[2026-05-10 13:40:48] 404 Page Not Found: /Web-CHT_TravelAndTours/assets/images/placeholder.jpg (IP: ::1)
[2026-05-10 13:41:19] 404 Page Not Found: /Web-CHT_TravelAndTours/assets/images/placeholder.jpg (IP: ::1)
[2026-05-10 13:41:23] 404 Page Not Found: /Web-CHT_TravelAndTours/assets/images/placeholder.jpg (IP: ::1)
[2026-05-10 13:41:25] 404 Page Not Found: /Web-CHT_TravelAndTours/assets/images/placeholder.jpg (IP: ::1)
[2026-05-10 13:41:28] 404 Page Not Found: /Web-CHT_TravelAndTours/assets/images/placeholder.jpg (IP: ::1)
[2026-05-10 13:41:51] 404 Page Not Found: /Web-CHT_TravelAndTours/assets/images/placeholder.jpg (IP: ::1)
[2026-05-10 13:41:51] 404 Page Not Found: /Web-CHT_TravelAndTours/assets/images/placeholder.jpg (IP: ::1)
[2026-05-10 13:51:05] 404 Page Not Found: /Web-CHT_TravelAndTours/assets/images/placeholder.jpg (IP: ::1)
[2026-05-10 13:52:21] 404 Page Not Found: /Web-CHT_TravelAndTours/assets/images/placeholder.jpg (IP: ::1)
[2026-05-10 13:52:27] 404 Page Not Found: /Web-CHT_TravelAndTours/assets/images/placeholder.jpg (IP: ::1)
[2026-05-10 14:07:49] 404 Page Not Found: /Web-CHT_TravelAndTours/assets/images/placeholder.jpg (IP: ::1)
[2026-05-10 14:08:00] 404 Page Not Found: /Web-CHT_TravelAndTours/assets/images/placeholder.jpg (IP: ::1)
[2026-05-10 14:08:22] 404 Page Not Found: /Web-CHT_TravelAndTours/assets/images/placeholder.jpg (IP: ::1)
[2026-05-10 14:08:28] 404 Page Not Found: /Web-CHT_TravelAndTours/assets/images/placeholder.jpg (IP: ::1)
[2026-05-11 04:18:11] 404 Page Not Found: /Web-CHT_TravelAndTours/admin/dashboard.php (IP: ::1)
[2026-05-11 04:19:31] 404 Page Not Found: /Web-CHT_TravelAndTours/assets/js/login.js (IP: ::1)
[2026-05-11 04:22:02] 404 Page Not Found: /Web-CHT_TravelAndTours/login.php (IP: ::1)
[2026-05-11 04:22:48] 404 Page Not Found: /Web-CHT_TravelAndTours/assets/images/placeholder.jpg (IP: ::1)
[2026-05-11 04:26:34] 404 Page Not Found: /Web-CHT_TravelAndTours/assets/images/placeholder.jpg (IP: ::1)
[2026-05-11 04:29:50] 404 Page Not Found: /Web-CHT_TravelAndTours/assets/images/placeholder.jpg (IP: ::1)
[2026-05-11 05:42:02] 404 Page Not Found: /Web-CHT_TravelAndTours/login (IP: ::1)
